// Jest Snapshot v1, https://goo.gl/fbAQLP

exports[`structures 1`] = `
<button
  className="fc-button"
  type="button"
>
  Test
</button>
`;
